# LitAI 响应式审计 102 条 | BASE=http://172.18.0.6:8000 | 并发=8 | SETTLE=6000ms | STABLE=2500ms
390x844   extraction_workflow            390/390 sh=2588 scrolled=600 ovf=false nav=true errs=0  (9.3s)
390x844   ingestion                      390/390 sh=2107 scrolled=600 ovf=false nav=true errs=0  (9.3s)
390x844   ai_writer                      390/390 sh=1205 scrolled=361 ovf=false nav=true errs=0  (23.3s)
390x844   content_knowledge              390/390 sh=5349 scrolled=600 ovf=false nav=true errs=0  (23.3s)
390x844   external_analysis_workbench    390/390 sh=5349 scrolled=600 ovf=false nav=true errs=0  (23.3s)
390x844   dft_database                   390/390 sh=6507 scrolled=600 ovf=false nav=true errs=0  (23.3s)
390x844   dashboard                      390/390 sh=1557 scrolled=600 ovf=false nav=true errs=0  (23.3s)
390x844   literature_library             390/390 sh=6123 scrolled=600 ovf=false nav=true errs=0  (14.6s)
390x844   literature_screening           390/390 sh=18139 scrolled=600 ovf=false nav=true errs=0  (14.6s)
390x844   dft_audit_center               390/390 sh=5349 scrolled=600 ovf=false nav=true errs=0  (24.0s)
390x844   paper_detail                   390/390 sh=844 scrolled=0 ovf=false nav=true errs=0  (9.1s)
390x844   settings                       390/390 sh=1352 scrolled=508 ovf=false nav=true errs=0  (9.3s)
390x844   mechanism_knowledge            390/390 sh=11377 scrolled=600 ovf=false nav=true errs=0  (9.3s)
390x844   share                          390/390 sh=844 scrolled=0 ovf=false nav=false errs=0  (9.2s)
390x844   review_center                  390/390 sh=5349 scrolled=600 ovf=false nav=true errs=0  (10.4s)
390x844   readonly                       390/390 sh=1046 scrolled=202 ovf=false nav=false errs=0  (10.2s)
768x1024  ai_writer                      768/768 sh=1134 scrolled=110 ovf=false nav=true errs=0  (10.4s)
390x844   visuals                        375/390 sh=1216 scrolled=372 ovf=false nav=true errs=0  (14.1s)
768x1024  dashboard                      768/768 sh=1908 scrolled=600 ovf=false nav=true errs=0  (9.4s)
768x1024  content_knowledge              768/768 sh=3520 scrolled=600 ovf=false nav=true errs=0  (9.7s)
768x1024  dft_audit_center               768/768 sh=3520 scrolled=600 ovf=false nav=true errs=0  (10.1s)
768x1024  dft_database                   768/768 sh=1395 scrolled=371 ovf=false nav=true errs=0  (22.9s)
768x1024  paper_detail                   768/768 sh=1024 scrolled=0 ovf=false nav=true errs=0  (13.4s)
768x1024  extraction_workflow            768/768 sh=3481 scrolled=600 ovf=false nav=true errs=0  (22.1s)
768x1024  mechanism_knowledge            768/768 sh=8838 scrolled=600 ovf=false nav=true errs=0  (14.4s)
768x1024  ingestion                      768/768 sh=2091 scrolled=600 ovf=false nav=true errs=0  (22.1s)
768x1024  literature_library             768/768 sh=2287 scrolled=600 ovf=false nav=true errs=0  (19.1s)
768x1024  literature_screening           768/768 sh=11710 scrolled=600 ovf=false nav=true errs=0  (14.5s)
768x1024  external_analysis_workbench    768/768 sh=3520 scrolled=600 ovf=false nav=true errs=0  (23.3s)
768x1024  settings                       768/768 sh=1724 scrolled=600 ovf=false nav=true errs=0  (9.1s)
768x1024  visuals                        753/768 sh=1122 scrolled=98 ovf=false nav=true errs=0  (9.3s)
768x1024  share                          768/768 sh=1024 scrolled=0 ovf=false nav=false errs=0  (9.3s)
768x1024  review_center                  768/768 sh=3520 scrolled=600 ovf=false nav=true errs=0  (9.7s)
768x1024  readonly                       768/768 sh=1087 scrolled=63 ovf=false nav=false errs=0  (9.3s)
820x1180  ai_writer                      820/820 sh=1180 scrolled=0 ovf=false nav=true errs=0  (9.4s)
820x1180  dashboard                      820/820 sh=1887 scrolled=600 ovf=false nav=true errs=0  (9.3s)
820x1180  content_knowledge              820/820 sh=3452 scrolled=600 ovf=false nav=true errs=0  (9.9s)
820x1180  dft_audit_center               820/820 sh=3452 scrolled=600 ovf=false nav=true errs=0  (9.8s)
820x1180  dft_database                   820/820 sh=1395 scrolled=215 ovf=false nav=true errs=0  (22.6s)
820x1180  paper_detail                   820/820 sh=1180 scrolled=0 ovf=false nav=true errs=0  (13.1s)
820x1180  extraction_workflow            820/820 sh=3398 scrolled=600 ovf=false nav=true errs=0  (22.3s)
820x1180  ingestion                      820/820 sh=2091 scrolled=600 ovf=false nav=true errs=0  (22.3s)
820x1180  mechanism_knowledge            820/820 sh=8669 scrolled=600 ovf=false nav=true errs=0  (21.8s)
820x1180  literature_library             820/820 sh=2053 scrolled=600 ovf=false nav=true errs=0  (22.7s)
820x1180  literature_screening           820/820 sh=11710 scrolled=600 ovf=false nav=true errs=0  (22.3s)
820x1180  external_analysis_workbench    820/820 sh=3452 scrolled=600 ovf=false nav=true errs=0  (23.1s)
820x1180  settings                       820/820 sh=1724 scrolled=544 ovf=false nav=true errs=0  (9.1s)
820x1180  share                          820/820 sh=1180 scrolled=0 ovf=false nav=false errs=0  (9.3s)
820x1180  readonly                       820/820 sh=1231 scrolled=51 ovf=false nav=false errs=0  (9.4s)
820x1180  visuals                        805/820 sh=1180 scrolled=0 ovf=false nav=true errs=0  (9.4s)
820x1180  review_center                  820/820 sh=3452 scrolled=600 ovf=false nav=true errs=0  (9.7s)
1024x768  ai_writer                      1024/1024 sh=2095 scrolled=600 ovf=false nav=true errs=0  (9.4s)
1024x768  dashboard                      1024/1024 sh=1648 scrolled=600 ovf=false nav=true errs=0  (9.3s)
1024x768  content_knowledge              1024/1024 sh=4863 scrolled=600 ovf=false nav=true errs=0  (9.9s)
1024x768  extraction_workflow            1024/1024 sh=2485 scrolled=600 ovf=false nav=true errs=0  (9.5s)
1024x768  dft_audit_center               1024/1024 sh=4863 scrolled=600 ovf=false nav=true errs=0  (9.8s)
1024x768  dft_database                   1024/1024 sh=768 scrolled=0 ovf=false nav=true errs=0  (22.9s)
1024x768  external_analysis_workbench    1024/1024 sh=4863 scrolled=600 ovf=false nav=true errs=0  (22.9s)
1024x768  paper_detail                   1024/1024 sh=768 scrolled=0 ovf=false nav=true errs=0  (13.5s)
1024x768  ingestion                      1024/1024 sh=2089 scrolled=600 ovf=false nav=true errs=0  (22.7s)
1024x768  mechanism_knowledge            1024/1024 sh=9460 scrolled=600 ovf=false nav=true errs=0  (22.1s)
1024x768  literature_library             1024/1024 sh=2241 scrolled=600 ovf=false nav=true errs=0  (22.7s)
1024x768  literature_screening           1024/1024 sh=11657 scrolled=600 ovf=false nav=true errs=0  (22.6s)
1024x768  review_center                  1024/1024 sh=4863 scrolled=600 ovf=false nav=true errs=0  (14.2s)
1024x768  settings                       1024/1024 sh=1507 scrolled=600 ovf=false nav=true errs=0  (9.1s)
1024x768  share                          1024/1024 sh=768 scrolled=0 ovf=false nav=false errs=0  (9.1s)
1024x768  visuals                        1009/1024 sh=1040 scrolled=272 ovf=false nav=true errs=0  (9.2s)
1024x768  readonly                       1024/1024 sh=768 scrolled=0 ovf=false nav=false errs=0  (9.1s)
1280x900  dashboard                      1280/1280 sh=1029 scrolled=129 ovf=false nav=true errs=0  (9.3s)
1280x900  ai_writer                      1280/1280 sh=1492 scrolled=592 ovf=false nav=true errs=0  (9.4s)
1280x900  content_knowledge              1280/1280 sh=4308 scrolled=600 ovf=false nav=true errs=0  (9.9s)
1280x900  dft_audit_center               1280/1280 sh=4308 scrolled=600 ovf=false nav=true errs=0  (9.9s)
1280x900  extraction_workflow            1280/1280 sh=2463 scrolled=600 ovf=false nav=true errs=0  (9.2s)
1280x900  dft_database                   1280/1280 sh=900 scrolled=0 ovf=false nav=true errs=0  (22.3s)
1280x900  paper_detail                   1280/1280 sh=900 scrolled=0 ovf=false nav=true errs=0  (20.8s)
1280x900  ingestion                      1280/1280 sh=909 scrolled=9 ovf=false nav=true errs=0  (22.3s)
1280x900  mechanism_knowledge            1280/1280 sh=6757 scrolled=600 ovf=false nav=true errs=0  (21.8s)
1280x900  external_analysis_workbench    1280/1280 sh=4308 scrolled=600 ovf=false nav=true errs=0  (23.3s)
1280x900  literature_library             1280/1280 sh=2209 scrolled=600 ovf=false nav=true errs=0  (22.8s)
1280x900  literature_screening           1280/1280 sh=11657 scrolled=600 ovf=false nav=true errs=0  (22.8s)
1280x900  review_center                  1280/1280 sh=4308 scrolled=600 ovf=false nav=true errs=0  (14.4s)
1280x900  settings                       1280/1280 sh=1507 scrolled=600 ovf=false nav=true errs=0  (9.1s)
1280x900  readonly                       1280/1280 sh=900 scrolled=0 ovf=false nav=false errs=0  (9.1s)
1280x900  visuals                        1265/1280 sh=1040 scrolled=140 ovf=false nav=true errs=0  (9.2s)
1280x900  share                          1280/1280 sh=900 scrolled=0 ovf=false nav=false errs=0  (9.1s)
1440x900  dashboard                      1440/1440 sh=1029 scrolled=129 ovf=false nav=true errs=0  (9.2s)
1440x900  ai_writer                      1440/1440 sh=1492 scrolled=592 ovf=false nav=true errs=0  (9.2s)
1440x900  content_knowledge              1440/1440 sh=4134 scrolled=600 ovf=false nav=true errs=0  (9.8s)
1440x900  dft_audit_center               1440/1440 sh=4134 scrolled=600 ovf=false nav=true errs=0  (10.0s)
1440x900  extraction_workflow            1440/1440 sh=2441 scrolled=600 ovf=false nav=true errs=0  (13.7s)
1440x900  dft_database                   1440/1440 sh=900 scrolled=0 ovf=false nav=true errs=0  (22.4s)
1440x900  paper_detail                   1440/1440 sh=900 scrolled=0 ovf=false nav=true errs=0  (20.3s)
1440x900  ingestion                      1440/1440 sh=909 scrolled=9 ovf=false nav=true errs=0  (22.1s)
1440x900  mechanism_knowledge            1440/1440 sh=9979 scrolled=600 ovf=false nav=true errs=0  (20.9s)
1440x900  literature_library             1440/1440 sh=2141 scrolled=600 ovf=false nav=true errs=0  (21.8s)
1440x900  literature_screening           1440/1440 sh=11657 scrolled=600 ovf=false nav=true errs=0  (21.7s)
1440x900  external_analysis_workbench    1440/1440 sh=4134 scrolled=600 ovf=false nav=true errs=0  (23.4s)
1440x900  review_center                  1440/1440 sh=4134 scrolled=600 ovf=false nav=true errs=0  (10.0s)
1440x900  settings                       1440/1440 sh=1507 scrolled=600 ovf=false nav=true errs=0  (9.1s)
1440x900  visuals                        1425/1440 sh=1040 scrolled=140 ovf=false nav=true errs=0  (9.1s)
1440x900  readonly                       1440/1440 sh=900 scrolled=0 ovf=false nav=false errs=0  (9.1s)
1440x900  share                          1440/1440 sh=900 scrolled=0 ovf=false nav=false errs=0  (9.1s)
# 用时 192.7s（串行约 1507s）
# 问题记录 0/102：ovf=0 errs=0 bad=0 fail=0
WROTE /tmp/litai-uicheck/full-20260921-153650.json
# 结果 JSON: /tmp/litai-uicheck/full-20260921-153650.json（用时/问题数见上方汇总）
# 未指定基线，使用最新冻结基线：/opt/AI-shujvku/literature-ai/frontend/tools/baselines/ui-2026-09-21.json
# 基线 /opt/AI-shujvku/literature-ai/frontend/tools/baselines/ui-2026-09-21.json（102 条） vs 当前 /tmp/litai-uicheck/full-20260921-153650.json（102 条）
# 记录集合一致（同页面同尺寸）
# 字段变化 0 条（逐条一致）
# 结论：逐条 0 差异 ✔
