### 1/3 抽查响应式（spot）
# LitAI 响应式审计 12 条 | BASE=http://172.18.0.6:8000 | 并发=8 | SETTLE=6000ms | STABLE=2500ms
390x844   paper_detail                   390/390 sh=844 scrolled=0 ovf=false nav=true errs=0  (9.1s)
1024x768  paper_detail                   1024/1024 sh=768 scrolled=0 ovf=false nav=true errs=0  (9.2s)
390x844   mechanism_knowledge            390/390 sh=11377 scrolled=600 ovf=false nav=true errs=0  (9.7s)
1024x768  literature_library             1024/1024 sh=2241 scrolled=600 ovf=false nav=true errs=0  (22.6s)
390x844   dft_database                   390/390 sh=6507 scrolled=600 ovf=false nav=true errs=0  (22.6s)
390x844   literature_library             390/390 sh=6123 scrolled=600 ovf=false nav=true errs=0  (22.6s)
390x844   literature_screening           390/390 sh=18139 scrolled=600 ovf=false nav=true errs=0  (22.6s)
390x844   review_center                  390/390 sh=5349 scrolled=600 ovf=false nav=true errs=0  (30.5s)
1024x768  dft_database                   1024/1024 sh=768 scrolled=0 ovf=false nav=true errs=0  (27.7s)
1024x768  review_center                  1024/1024 sh=4863 scrolled=600 ovf=false nav=true errs=0  (27.8s)
1024x768  literature_screening           1024/1024 sh=11657 scrolled=600 ovf=false nav=true errs=0  (27.2s)
1024x768  mechanism_knowledge            1024/1024 sh=9460 scrolled=600 ovf=false nav=true errs=0  (14.4s)
# 用时 37.0s（串行约 246s）
# 问题记录 0/12：ovf=0 errs=0 bad=0 fail=0
WROTE /tmp/litai-uicheck/spot-20260921-152628.json
### 2/3 链接体检（links）
dashboard                      anchors=23 uniq=19 local=19 paperDetail=8 行入口=0 缺pid=0 缺from=0 bad=0 jsErr=0
dft_audit_center               anchors=28 uniq=27 local=27 paperDetail=15 行入口=15 缺pid=0 缺from=0 bad=0 jsErr=0
dft_database                   anchors=37 uniq=12 local=12 paperDetail=1 行入口=0 缺pid=0 缺from=0 bad=0 jsErr=0
external_analysis_workbench    anchors=28 uniq=27 local=27 paperDetail=15 行入口=15 缺pid=0 缺from=0 bad=0 jsErr=0
extraction_workflow            anchors=15 uniq=12 local=12 paperDetail=0 行入口=0 缺pid=0 缺from=0 bad=0 jsErr=0
ingestion                      anchors=12 uniq=11 local=11 paperDetail=0 行入口=0 缺pid=0 缺from=0 bad=0 jsErr=0
literature_library             anchors=13 uniq=11 local=11 paperDetail=0 行入口=20 缺pid=0 缺from=0 bad=0 jsErr=0
literature_screening           anchors=111 uniq=110 local=110 paperDetail=99 行入口=0 缺pid=0 缺from=0 bad=0 jsErr=0
mechanism_knowledge            anchors=278 uniq=34 local=34 paperDetail=23 行入口=0 缺pid=0 缺from=0 bad=0 jsErr=0
paper_detail                   anchors=16 uniq=12 local=12 paperDetail=0 行入口=0 缺pid=0 缺from=0 bad=0 jsErr=0
review_center                  anchors=28 uniq=27 local=27 paperDetail=15 行入口=15 缺pid=0 缺from=0 bad=0 jsErr=0
settings                       anchors=12 uniq=11 local=11 paperDetail=0 行入口=0 缺pid=0 缺from=0 bad=0 jsErr=0
visuals                        anchors=12 uniq=11 local=11 paperDetail=0 行入口=0 缺pid=0 缺from=0 bad=0 jsErr=0
ai_writer                      anchors=12 uniq=11 local=11 paperDetail=0 行入口=0 缺pid=0 缺from=0 bad=0 jsErr=0
content_knowledge              anchors=28 uniq=27 local=27 paperDetail=15 行入口=15 缺pid=0 缺from=0 bad=0 jsErr=0

# 检查过的唯一目标 160 个；异常 0 个
### 3/3 跨页返回核对（jumps, QUICK=1 跳过慢入口）
# paper_id = 0ed01979-08b6-4fa2-9d24-81ef54c71aef | BASE=http://172.18.0.6:8000 | QUICK=1
PASS review_center          按钮=返回审核中心 -> /pages/review_center/index.html | 面包屑=审核中心 -> /pages/review_center/index.html | jsErr=0 | 底部条=["返回审核中心 -> /pages/review_center/index.html"]
PASS literature_library     按钮=返回文献库 -> /pages/literature_library/index.html | 面包屑=文献库 -> /pages/literature_library/index.html | jsErr=0
PASS literature_screening   按钮=返回文献筛选 -> /pages/literature_screening/index.html | 面包屑=文献筛选 -> /pages/literature_screening/index.html | jsErr=0
PASS mechanism_knowledge    按钮=返回机理知识 -> /pages/mechanism_knowledge/index.html | 面包屑=机理知识 -> /pages/mechanism_knowledge/index.html | jsErr=0
PASS dashboard              按钮=返回工作台 -> /pages/dashboard/index.html | 面包屑=工作台 -> /pages/dashboard/index.html | jsErr=0
PASS visuals                按钮=返回图表 -> /pages/visuals/index.html | 面包屑=图表 -> /pages/visuals/index.html | jsErr=0
PASS dft_audit_center       按钮=返回审核中心 -> /pages/review_center/index.html | 面包屑=审核中心 -> /pages/review_center/index.html | jsErr=0 | 底部条=["返回审核中心 -> /pages/review_center/index.html"]

# 来源感知返回核对 PASS=7 FAIL=0 SKIP=1
# verify 汇总：spot=PASS links=PASS jumps=PASS 用时=6m15s
# 结果：/tmp/litai-uicheck/{spot,links,jumps}-20260921-152628.json
